Component: ARM Compiler 5.06 update 6 (build 750) Tool: armlink [4d35ed]

==============================================================================

Section Cross References

    practica1.o(prog) refers to practica1.o(datos) for serie


==============================================================================

Image Symbol Table

    Local Symbols

    Symbol Name                              Value     Ov Type        Size  Object(Section)

    practica1.s                              0x00000000   Number         0  practica1.o ABSOLUTE
    prog                                     0x40000000   Section       52  practica1.o(prog)
    datos                                    0x40000034   Section       29  practica1.o(datos)
    serie                                    0x40000034   Data          28  practica1.o(datos)
    resul                                    0x40000050   Data           1  practica1.o(datos)

    Global Symbols

    Symbol Name                              Value     Ov Type        Size  Object(Section)

    BuildAttributes$$THM_ISAv1$ARM_ISAv4$S$PE$A:L22$X:L11$S22$IEEE1$IW$USESV6$~STKCKD$USESV7$~SHL$OSPACE$EBA8$STANDARDLIB$PRES8$EABIv2 0x00000000   Number         0  anon$$obj.o ABSOLUTE



==============================================================================

Memory Map of the image

  Image Entry point : 0x40000000

  Load Region LR_IRAM1 (Base: 0x40000000, Size: 0x00000054, Max: 0x00008000, ABSOLUTE)

    Execution Region ER_IRAM1 (Exec base: 0x40000000, Load base: 0x40000000, Size: 0x00000054, Max: 0xffffffff, ABSOLUTE)

    Exec Addr    Load Addr    Size         Type   Attr      Idx    E Section Name        Object

    0x40000000   0x40000000   0x00000034   Code   RO            2  * prog                practica1.o
    0x40000034   0x40000034   0x0000001d   Data   RW            1    datos               practica1.o


==============================================================================

Image component sizes


      Code (inc. data)   RO Data    RW Data    ZI Data      Debug   Object Name

        52          8          0         29          0        228   practica1.o

    ----------------------------------------------------------------------
        52          8          0         32          0        228   Object Totals
         0          0          0          0          0          0   (incl. Generated)
         0          0          0          3          0          0   (incl. Padding)

    ----------------------------------------------------------------------
         0          0          0          0          0          0   Library Totals
         0          0          0          0          0          0   (incl. Padding)

    ----------------------------------------------------------------------

==============================================================================


      Code (inc. data)   RO Data    RW Data    ZI Data      Debug   

        52          8          0         32          0        228   Grand Totals
        52          8          0         32          0        228   ELF Image Totals
        52          8          0         32          0          0   ROM Totals

==============================================================================

    Total RO  Size (Code + RO Data)                   52 (   0.05kB)
    Total RW  Size (RW Data + ZI Data)                32 (   0.03kB)
    Total ROM Size (Code + RO Data + RW Data)         84 (   0.08kB)

==============================================================================

