<html>
<body>
<pre>
<h1>µVision Build Log</h1>
<h2>Project:</h2>
E:\pract4.1.uvproj
Project File Date:  05/04/2023

<h2>Output:</h2>
Build target 'Target 1'
assembling practica4.s...
E:\practica4.s(150): error: A1163E: Unknown opcode SS , expecting opcode or Macro
E:\practica4.s:   150 0000019c     SS
E:\practica4.s:                    ^
E:\practica4.s: 1 Error, 0 Warnings
compiling main.c...
E:\main.c(11): warning:  #1-D: last line of file ends without a newline
Target not created
Build target 'Target 1'
assembling wuolah-free-practica4-2.s...
linking...
Program Size: Code=936 RO-data=16 RW-data=0 ZI-data=1256  
"pract4.1.axf" - 0 Error(s), 0 Warning(s).
